
> lacasa_store@0.0.1 dev
> medusa develop

[32minfo[39m:    Watching filesystem to reload dev server on file change
[32minfo[39m:    backend.log modified: Restarting dev server
[32minfo[39m:    Skipping instrumentation registration. No register function found.
[32minfo[39m:    backend.log modified: Restarting dev server
[32minfo[39m:    Skipping instrumentation registration. No register function found.
[32minfo[39m:    backend.log modified: Restarting dev server
[32minfo[39m:    Skipping instrumentation registration. No register function found.
[32minfo[39m:    backend.log modified: Restarting dev server
[32minfo[39m:    Skipping instrumentation registration. No register function found.
[32minfo[39m:    backend.log modified: Restarting dev server
[32minfo[39m:    Skipping instrumentation registration. No register function found.
[32minfo[39m:    backend.log modified: Restarting dev server
[32minfo[39m:    Skipping instrumentation registration. No register function found.
[32minfo[39m:    backend.log modified: Restarting dev server
[32minfo[39m:    Skipping instrumentation registration. No register function found.
[32minfo[39m:    backend.log modified: Restarting dev server
[32minfo[39m:    backend.log modified: Restarting dev server
[32minfo[39m:    Skipping instrumentation registration. No register function found.
[32minfo[39m:    backend.log modified: Restarting dev server
[32minfo[39m:    Skipping instrumentation registration. No register function found.
[32minfo[39m:    backend.log modified: Restarting dev server
[32minfo[39m:    Skipping instrumentation registration. No register function found.
redisUrl not found. A fake redis instance will be used.
[32minfo[39m:    No link to load from /home/abdullh/Work/lacasa_store/backend/node_modules/@medusajs/file-local/.medusa/server/src/links. skipped.
[32minfo[39m:    No link to load from /home/abdullh/Work/lacasa_store/backend/node_modules/@rokmohar/medusa-plugin-meilisearch/.medusa/server/src/links. skipped.
[33mwarn[39m:    Local Event Bus installed. This is not recommended for production.
[32minfo[39m:    Locking module: Using "in-memory" as default.
[32minfo[39m:    No workflow to load from /home/abdullh/Work/lacasa_store/backend/node_modules/@medusajs/file-local/.medusa/server/src/workflows. skipped.
[32minfo[39m:    No subscriber to load from /home/abdullh/Work/lacasa_store/backend/node_modules/@medusajs/file-local/.medusa/server/src/subscribers. skipped.
[33mwarn[39m:    The subscriber in /home/abdullh/Work/lacasa_store/backend/src/subscribers/categories-created.ts is not a function. skipped.
[33mwarn[39m:    The subscriber in /home/abdullh/Work/lacasa_store/backend/src/subscribers/categories-updated.ts is not a function. skipped.
[33mwarn[39m:    The subscriber in /home/abdullh/Work/lacasa_store/backend/src/subscribers/collection-created.ts is not a function. skipped.
[33mwarn[39m:    The subscriber in /home/abdullh/Work/lacasa_store/backend/src/subscribers/collection-updated.ts is not a function. skipped.
[33mwarn[39m:    The subscriber in /home/abdullh/Work/lacasa_store/backend/src/subscribers/index-products.ts is not a function. skipped.
[33mwarn[39m:    The subscriber in /home/abdullh/Work/lacasa_store/backend/src/subscribers/product-created.ts is not a function. skipped.
[33mwarn[39m:    The subscriber in /home/abdullh/Work/lacasa_store/backend/src/subscribers/product-updated.ts is not a function. skipped.
[33mwarn[39m:    The subscriber in /home/abdullh/Work/lacasa_store/backend/src/subscribers/variant-created.ts is not a function. skipped.
[33mwarn[39m:    The subscriber in /home/abdullh/Work/lacasa_store/backend/src/subscribers/variant-updated.ts is not a function. skipped.
[32minfo[39m:    No job to load from /home/abdullh/Work/lacasa_store/backend/node_modules/@medusajs/medusa/dist/jobs. skipped.
[32minfo[39m:    No job to load from /home/abdullh/Work/lacasa_store/backend/node_modules/@medusajs/file-local/.medusa/server/src/jobs. skipped.
- Creating server
Error: listen EADDRINUSE: address already in use :::9000
    at Server.setupListenHandle [as _listen2] (node:net:1937:16)
    at listenInCluster (node:net:1994:12)
    at Server.listen (node:net:2099:7)
    at internalStart (/home/abdullh/Work/lacasa_store/backend/node_modules/@medusajs/medusa/src/commands/start.ts:208:15)
    at async start (/home/abdullh/Work/lacasa_store/backend/node_modules/@medusajs/medusa/src/commands/start.ts:290:5) {
  code: 'EADDRINUSE',
  errno: -98,
  syscall: 'listen',
  address: '::',
  port: 9000
}
[32minfo[39m:    Starting product indexing...
[32minfo[39m:    Successfully indexed 16 products
